[2026-05-17T23:54:51Z] START model=wgan_mlp pipeline=A seed=42 epochs=1000
[2026-05-17T23:54:51Z] START model=wgan_mlp pipeline=A seed=43 epochs=1000
[2026-05-17T23:56:22Z] OK    model=wgan_mlp pipeline=A seed=42 wall=91s
[2026-05-17T23:56:22Z] START model=wgan_mlp pipeline=A seed=44 epochs=1000
[2026-05-17T23:56:26Z] OK    model=wgan_mlp pipeline=A seed=43 wall=95s
[2026-05-17T23:56:26Z] START model=wgan_mlp pipeline=A seed=45 epochs=1000
[2026-05-17T23:57:56Z] OK    model=wgan_mlp pipeline=A seed=44 wall=94s
[2026-05-17T23:57:56Z] START model=wgan_mlp pipeline=A seed=46 epochs=1000
[2026-05-17T23:57:59Z] OK    model=wgan_mlp pipeline=A seed=45 wall=93s
[2026-05-17T23:57:59Z] START model=wgan_mlp pipeline=B seed=42 epochs=1000
[2026-05-17T23:59:36Z] OK    model=wgan_mlp pipeline=A seed=46 wall=100s
[2026-05-17T23:59:36Z] START model=wgan_mlp pipeline=B seed=43 epochs=1000
[2026-05-17T23:59:38Z] OK    model=wgan_mlp pipeline=B seed=42 wall=99s
[2026-05-17T23:59:38Z] START model=wgan_mlp pipeline=B seed=44 epochs=1000
[2026-05-18T00:01:07Z] OK    model=wgan_mlp pipeline=B seed=43 wall=91s
[2026-05-18T00:01:07Z] START model=wgan_mlp pipeline=B seed=45 epochs=1000
[2026-05-18T00:01:08Z] OK    model=wgan_mlp pipeline=B seed=44 wall=90s
[2026-05-18T00:01:08Z] START model=wgan_mlp pipeline=B seed=46 epochs=1000
[2026-05-18T00:02:22Z] OK    model=wgan_mlp pipeline=B seed=45 wall=75s
[2026-05-18T00:02:22Z] START model=wgan_cnn pipeline=A seed=42 epochs=1000
[2026-05-18T00:02:22Z] OK    model=wgan_mlp pipeline=B seed=46 wall=74s
[2026-05-18T00:02:23Z] START model=wgan_cnn pipeline=A seed=43 epochs=1000
[2026-05-18T00:03:49Z] OK    model=wgan_cnn pipeline=A seed=42 wall=87s
[2026-05-18T00:03:49Z] OK    model=wgan_cnn pipeline=A seed=43 wall=86s
[2026-05-18T00:03:49Z] START model=wgan_cnn pipeline=A seed=44 epochs=1000
[2026-05-18T00:03:49Z] START model=wgan_cnn pipeline=A seed=45 epochs=1000
[2026-05-18T00:05:07Z] OK    model=wgan_cnn pipeline=A seed=45 wall=78s
[2026-05-18T00:05:07Z] START model=wgan_cnn pipeline=A seed=46 epochs=1000
[2026-05-18T00:05:08Z] OK    model=wgan_cnn pipeline=A seed=44 wall=78s
[2026-05-18T00:05:08Z] START model=wgan_cnn pipeline=B seed=42 epochs=1000
[2026-05-18T00:06:28Z] OK    model=wgan_cnn pipeline=B seed=42 wall=80s
[2026-05-18T00:06:28Z] OK    model=wgan_cnn pipeline=A seed=46 wall=81s
[2026-05-18T00:06:28Z] START model=wgan_cnn pipeline=B seed=43 epochs=1000
[2026-05-18T00:06:28Z] START model=wgan_cnn pipeline=B seed=44 epochs=1000
[2026-05-18T00:07:51Z] OK    model=wgan_cnn pipeline=B seed=44 wall=83s
[2026-05-18T00:07:51Z] START model=wgan_cnn pipeline=B seed=45 epochs=1000
[2026-05-18T00:07:52Z] OK    model=wgan_cnn pipeline=B seed=43 wall=84s
[2026-05-18T00:07:52Z] START model=wgan_cnn pipeline=B seed=46 epochs=1000
[2026-05-18T00:09:19Z] OK    model=wgan_cnn pipeline=B seed=46 wall=87s
[2026-05-18T00:09:19Z] OK    model=wgan_cnn pipeline=B seed=45 wall=88s
[2026-05-18T00:09:19Z] START model=wgan_lstm pipeline=A seed=42 epochs=1000
[2026-05-18T00:09:19Z] START model=wgan_lstm pipeline=A seed=43 epochs=1000
[2026-05-18T00:10:54Z] OK    model=wgan_lstm pipeline=A seed=42 wall=94s
[2026-05-18T00:10:54Z] OK    model=wgan_lstm pipeline=A seed=43 wall=95s
[2026-05-18T00:10:54Z] START model=wgan_lstm pipeline=A seed=44 epochs=1000
[2026-05-18T00:10:54Z] START model=wgan_lstm pipeline=A seed=45 epochs=1000
[2026-05-18T00:12:25Z] OK    model=wgan_lstm pipeline=A seed=45 wall=91s
[2026-05-18T00:12:25Z] OK    model=wgan_lstm pipeline=A seed=44 wall=91s
[2026-05-18T00:12:25Z] START model=wgan_lstm pipeline=A seed=46 epochs=1000
[2026-05-18T00:12:25Z] START model=wgan_lstm pipeline=B seed=42 epochs=1000
[2026-05-18T00:13:55Z] OK    model=wgan_lstm pipeline=A seed=46 wall=90s
[2026-05-18T00:13:55Z] START model=wgan_lstm pipeline=B seed=43 epochs=1000
[2026-05-18T00:13:55Z] OK    model=wgan_lstm pipeline=B seed=42 wall=90s
[2026-05-18T00:13:55Z] START model=wgan_lstm pipeline=B seed=44 epochs=1000
[2026-05-18T00:15:19Z] OK    model=wgan_lstm pipeline=B seed=43 wall=84s
[2026-05-18T00:15:19Z] START model=wgan_lstm pipeline=B seed=45 epochs=1000
[2026-05-18T00:15:19Z] OK    model=wgan_lstm pipeline=B seed=44 wall=84s
[2026-05-18T00:15:19Z] START model=wgan_lstm pipeline=B seed=46 epochs=1000
[2026-05-18T00:16:44Z] OK    model=wgan_lstm pipeline=B seed=45 wall=85s
[2026-05-18T00:16:44Z] OK    model=wgan_lstm pipeline=B seed=46 wall=85s
[2026-05-18T00:16:44Z] START model=vae pipeline=A seed=42 epochs=1000
[2026-05-18T00:16:44Z] START model=vae pipeline=A seed=43 epochs=1000
[2026-05-18T00:17:00Z] OK    model=vae pipeline=A seed=43 wall=16s
[2026-05-18T00:17:00Z] START model=vae pipeline=A seed=44 epochs=1000
[2026-05-18T00:17:00Z] OK    model=vae pipeline=A seed=42 wall=16s
[2026-05-18T00:17:00Z] START model=vae pipeline=A seed=45 epochs=1000
[2026-05-18T00:17:16Z] OK    model=vae pipeline=A seed=44 wall=15s
[2026-05-18T00:17:16Z] START model=vae pipeline=A seed=46 epochs=1000
[2026-05-18T00:17:16Z] OK    model=vae pipeline=A seed=45 wall=16s
[2026-05-18T00:17:16Z] START model=vae pipeline=B seed=42 epochs=1000
[2026-05-18T00:17:31Z] OK    model=vae pipeline=B seed=42 wall=15s
[2026-05-18T00:17:31Z] START model=vae pipeline=B seed=43 epochs=1000
[2026-05-18T00:17:32Z] OK    model=vae pipeline=A seed=46 wall=16s
[2026-05-18T00:17:32Z] START model=vae pipeline=B seed=44 epochs=1000
[2026-05-18T00:17:48Z] OK    model=vae pipeline=B seed=43 wall=17s
[2026-05-18T00:17:48Z] OK    model=vae pipeline=B seed=44 wall=16s
[2026-05-18T00:17:48Z] START model=vae pipeline=B seed=45 epochs=1000
[2026-05-18T00:17:49Z] START model=vae pipeline=B seed=46 epochs=1000
[2026-05-18T00:18:05Z] OK    model=vae pipeline=B seed=46 wall=16s
[2026-05-18T00:18:05Z] START model=ar pipeline=A seed=42 epochs=1000
[2026-05-18T00:18:05Z] OK    model=vae pipeline=B seed=45 wall=17s
[2026-05-18T00:18:05Z] START model=ar pipeline=A seed=43 epochs=1000
[2026-05-18T00:18:08Z] OK    model=ar pipeline=A seed=42 wall=3s
[2026-05-18T00:18:08Z] OK    model=ar pipeline=A seed=43 wall=3s
[2026-05-18T00:18:08Z] START model=ar pipeline=A seed=44 epochs=1000
[2026-05-18T00:18:08Z] START model=ar pipeline=A seed=45 epochs=1000
[2026-05-18T00:18:11Z] OK    model=ar pipeline=A seed=44 wall=3s
[2026-05-18T00:18:11Z] OK    model=ar pipeline=A seed=45 wall=3s
[2026-05-18T00:18:11Z] START model=ar pipeline=A seed=46 epochs=1000
[2026-05-18T00:18:12Z] START model=ar pipeline=B seed=42 epochs=1000
[2026-05-18T00:18:14Z] OK    model=ar pipeline=B seed=42 wall=2s
[2026-05-18T00:18:14Z] OK    model=ar pipeline=A seed=46 wall=3s
[2026-05-18T00:18:14Z] START model=ar pipeline=B seed=43 epochs=1000
[2026-05-18T00:18:14Z] START model=ar pipeline=B seed=44 epochs=1000
[2026-05-18T00:18:17Z] OK    model=ar pipeline=B seed=44 wall=3s
[2026-05-18T00:18:17Z] OK    model=ar pipeline=B seed=43 wall=3s
[2026-05-18T00:18:17Z] START model=ar pipeline=B seed=45 epochs=1000
[2026-05-18T00:18:17Z] START model=ar pipeline=B seed=46 epochs=1000
[2026-05-18T00:18:20Z] OK    model=ar pipeline=B seed=46 wall=3s
[2026-05-18T00:18:20Z] OK    model=ar pipeline=B seed=45 wall=3s
=== Sweep complete ===
Total: 50 | Complete: 50 | Failed: 0 | Skipped (already done): 0
Sweep wall time: 0h 23m 29s
Per-model mean wall time (excl. skipped): ar=0.00h (n=10), vae=0.00h (n=10), wgan_cnn=0.02h (n=10), wgan_lstm=0.02h (n=10), wgan_mlp=0.03h (n=10)
all_complete: True
